<!DOCTYPE html>
<html lang="en">
<head>
	<meta charset="UTF-8">
	<title>Golden Site</title>
	<link rel="stylesheet" href="styles/main.css"> <!--main styles-->
</head>
<body>
	<div id="wrapper">
		<div id="header">
			<div class="container clearfix">
				<a href="/" id="logo"><img src="images/logo.png" alt="logo" width="79" height="28"></a>
				<ul id="nav">
					<li><a href="#">Home</a></li>
					<li><a href="#">Services</a></li>
					<li><a href="#">Portfolio</a></li>
					<li><a href="#">About</a></li>
					<li><a href="#">Contact</a></li>
				</ul>
			</div>		

			<div class="container">
				<h1>Welcome to our studio!</h1>
				<p>It's nice to meet you</p>
				<input type="button" class="yellow-btn" value="Tell me more" />
			</div>	
		</div>
	
		<div id="services">
			<div class="container clearfix">
				<h2 class="block-title">Services</h2>
				<p class="block-sub">Proin iaculis purus consequat sem cure</p>
				<div class="item">
					<img src="images/services-icon-1.png" width="78" height="77" alt="">
					<h3 class="item-title">E-Commerce</h3>
					<p class="item-sub">Proin iaculis purus consequat sem cure 
					digni ssim. Donec porttitora entum suscipit</p>
				</div>

				<div class="item">
				<img src="images/services-icon-2.png" width="78" height="77" alt="">
					<h3 class="item-title">Responsive Web</h3>
					<p class="item-sub">Proin iaculis purus consequat sem cure 
					digni ssim. Donec porttitora entum suscipit</p>
				</div>

				<div class="item">
				<img src="images/services-icon-3.png" width="78" height="77" alt="">
					<h3 class="item-title">Web Security</h3>
					<p class="item-sub">Proin iaculis purus consequat sem cure 
					digni ssim. Donec porttitora entum suscipit</p>
				</div>
			</div>
		</div>

		<div id="portfolio">
			<div class="container clearfix">
				<h2 class="block-title">Our portfolio</h2>
				<p class="block-sub">Proin iaculis purus consequat sem cure</p>
				<div class="item">
					<img src="images/portfolio-item-1.jpg" alt="" width="289" height="300">
					<h3 class="item-title">Ebony &amp; Ivory</h3>
					<p class="item-sub">Branding</p>
				</div>

				<div class="item">
					<img src="images/portfolio-item-2.jpg" alt="" width="289" height="300">
					<h3 class="item-title">Smart stationary</h3>
					<p class="item-sub">Print design</p>
				</div>

				<div class="item">
					<img src="images/portfolio-item-3.jpg" alt="" width="289" height="300">
					<h3 class="item-title">Clever poster</h3>
					<p class="item-sub">Print design</p>
				</div>

				<div class="item">
					<img src="images/portfolio-item-4.jpg" alt="" width="289" height="300">
					<h3 class="item-title">Vinyl record</h3>
					<p class="item-sub">Product mock-up</p>
				</div>

				<div class="item">
					<img src="images/portfolio-item-5.jpg" alt="" width="289" height="300">
					<h3 class="item-title">Treehouse template</h3>
					<p class="item-sub">Web design</p>
				</div>

				<div class="item">
					<img src="images/portfolio-item-6.jpg" alt="" width="289" height="300">
					<h3 class="item-title">Burned logo</h3>
					<p class="item-sub">Branding</p>
				</div>
			</div>
		</div>

		<div id="about">
			<div class="container clearfix">
				<h2 class="block-title">About us</h2>
				<p class="block-sub">Proin iaculis purus consequat sem cure</p>
				<div class="item clearfix">
					<div class="about-text side-left">
						<h3><span>July 2010</span><br />Our Hhmble beginnings</h3>
						<p>Proin iaculis purus consequat sem cure 
						digni ssim. Donec porttitora entum suscipit 
						aenean rhoncus posuere odio in tincidunt. Proin 
						iaculis purus consequat sem cure digni 
						ssim. Donec porttitora entum suscipit. Proin iaculis purus consequat sem cure 
						digni ssim.</p>
					</div>
					<div class="about-pic side-left">
						<img src="images/about-pic-1.png" alt="">
					</div>
				</div>

				<div class="item clearfix">
					<div class="about-text side-right">
						<h3><span>January 2011</span><br />Facing startup battles</h3>
						<p>Proin iaculis purus consequat sem cure 
						digni ssim. Donec porttitora entum suscipit 
						aenean rhoncus posuere odio in tincidunt. Proin 
						iaculis purus consequat sem cure digni 
						ssim. Donec porttitora entum suscipit.</p>
					</div>
					<div class="about-pic side-right">
						<img src="images/about-pic-2.png" alt="">
					</div>
				</div>

				<div class="item clearfix">
					<div class="about-text side-left">
						<h3><span>December 2012</span><br />Enter the dark days</h3>
						<p>Proin iaculis purus consequat sem cure 
						digni ssim. Donec porttitora entum suscipit 
						aenean rhoncus posuere odio in tincidunt. Proin 
						iaculis purus consequat sem cure digni 
						ssim. Donec porttitora entum suscipit.</p>
					</div>
					<div class="about-pic side-left">
						<img src="images/about-pic-3.png" alt="">
					</div>
				</div>

				<div class="item clearfix">
					<div class="about-text side-right">
						<h3><span>Fabruary 2014</span><br />Facing startup battles</h3>
						<p>Proin iaculis purus consequat sem cure 
						digni ssim. Donec porttitora entum suscipit 
						aenean rhoncus posuere odio in tincidunt. Proin 
						iaculis purus consequat sem cure digni 
						ssim. Donec porttitora entum suscipit. Proin iaculis purus consequat sem cure 
						digni ssim.</p>
					</div>
					<div class="about-pic side-right">
						<img src="images/about-pic-4.png" alt="">
					</div>
				</div>

				<div class="item">
					<a href="#" class="about-yellow">Our<br />story<br />continues<br />...</a>
				</div>
			</div>
		</div>

		<div id="team">
			<div class="container">
				<h2 class="block-title">Our amazing team</h2>
				<p class="block-sub">Proin iaculis purus consequat sem cure</p>
				<div class="items-wrap clearfix">
					<div class="item">
						<div class="circle"></div>
						<h3 class="item-title">Kimberly Thompson</h3>
						<p class="item-sub">Project manager</p>
						<div class="social">
							<a href="#" class="twitter"></a>
							<a href="#" class="facebook"></a>
							<a href="#" class="pinterest"></a>
						</div>
					</div>

					<div class="item">
						<div class="circle"></div>
						<h3 class="item-title">Rico Massimo</h3>
						<p class="item-sub">Coder</p>
						<div class="social">
							<a href="#" class="twitter"></a>
							<a href="#" class="facebook"></a>
							<a href="#" class="google"></a>
						</div>
					</div>

					<div class="item">
						<div class="circle"></div>
						<h3 class="item-title">Uku Mason</h3>
						<p class="item-sub">Graphic designer</p>
						<div class="social">
							<a href="#" class="facebook"></a>
							<a href="#" class="pinterest"></a>
						</div>
					</div>
				</div>
				<p class="about-footer">Proin iaculis purus consequat sem cure  digni ssim donec porttitora entum suscipit<br />aenean rhoncus posuere odio in tincidunt proin iaculis.</p>
			</div>
		</div>

		<div id="brands">
			<div class="container">
				<a href="#"><img src="images/envato.jpg" width="161" height="30" alt=""></a>
				<a href="#"><img src="images/word-press.jpg" width="186" height="42" alt=""></a>
				<a href="#"><img src="images/tuts.jpg" width="131" height="41" alt=""></a>
				<a href="#"><img src="images/microlancer.jpg" width="167" height="42" alt=""></a>
			</div>
		</div>

		<div id="contact">
			<div class="container">
				<h2 class="block-title">Contact us</h2>
				<p class="block-sub">Proin iaculis purus consequat sem cure</p>
				<form action="#" method="#">
					<div class="clearfix">						
						<div class="form-left">
							<input type="text" placeholder="Your name*" name="name">
							<input type="text" placeholder="Your e-mail*" name="email">
							<input type="text" placeholder="Subject" name="subject">
						</div>

						<textarea class="form-right" placeholder="Your message*" name="comments"></textarea>
					</div>
					<input type="submit" value="Send message" class="yellow-btn" />
				</form>
			</div>
		</div>

		<div id="footer">
			<div class="container">
				<p class="copyright">&copy; Copyright 2014 <a href="FreebiesXpress.com">FreebiesXpress.com</a></p>
				<div class="social">
					<a href="#" class="twitter"></a>
					<a href="#" class="facebook"></a>
					<a href="#" class="pinterest"></a>
					<a href="#" class="google"></a>			
				</div>
			</div>
		</div>
	</div>
</body>
</html>